   Compiling unicode-ident v1.0.22
   Compiling proc-macro2 v1.0.103
   Compiling quote v1.0.42
   Compiling libc v0.2.178
   Compiling cfg-if v1.0.4
   Compiling serde_core v1.0.228
   Compiling serde v1.0.228
   Compiling memchr v2.7.6
   Compiling itoa v1.0.15
   Compiling equivalent v1.0.2
   Compiling once_cell v1.21.3
   Compiling version_check v0.9.5
   Compiling typenum v1.19.0
   Compiling subtle v2.6.1
   Compiling allocator-api2 v0.2.21
   Compiling foldhash v0.2.0
   Compiling ryu v1.0.20
   Compiling const-oid v0.9.6
   Compiling pin-project-lite v0.2.16
   Compiling zerocopy v0.8.31
   Compiling cpufeatures v0.2.17
   Compiling serde_json v1.0.145
   Compiling getrandom v0.3.4
   Compiling log v0.4.29
   Compiling fnv v1.0.7
   Compiling base64ct v1.8.1
   Compiling base16ct v0.2.0
   Compiling futures-core v0.3.31
   Compiling heck v0.5.0
   Compiling hashbrown v0.16.1
   Compiling valuable v0.1.1
   Compiling find-msvc-tools v0.1.5
   Compiling shlex v1.3.0
   Compiling bitflags v2.10.0
   Compiling winnow v0.7.14
   Compiling unicode-segmentation v1.12.0
   Compiling strsim v0.11.1
   Compiling thiserror v2.0.17
   Compiling unicode-xid v0.2.6
   Compiling crunchy v0.2.4
   Compiling rustversion v1.0.22
   Compiling ident_case v1.0.1
   Compiling stable_deref_trait v1.2.1
   Compiling paste v1.0.15
   Compiling parking_lot_core v0.9.12
   Compiling ruint-macro v1.2.1
   Compiling scopeguard v1.2.0
   Compiling tiny-keccak v2.0.2
   Compiling percent-encoding v2.3.2
   Compiling futures-io v0.3.31
   Compiling futures-sink v0.3.31
   Compiling slab v0.4.11
   Compiling pem-rfc7468 v0.7.0
   Compiling generic-array v0.14.7
   Compiling pin-utils v0.1.0
   Compiling writeable v0.6.2
   Compiling litemap v0.8.1
   Compiling futures-task v0.3.31
   Compiling icu_normalizer_data v2.1.1
   Compiling icu_properties_data v2.1.1
   Compiling autocfg v1.5.0
   Compiling rustix v1.1.2
   Compiling anyhow v1.0.100
   Compiling linux-raw-sys v0.11.0
   Compiling lock_api v0.4.14
   Compiling hax-lib v0.3.5
   Compiling futures-channel v0.3.31
   Compiling indexmap v2.12.1
   Compiling fastrand v2.3.0
   Compiling utf8_iter v1.0.4
   Compiling regex-syntax v0.8.8
   Compiling aho-corasick v1.1.4
   Compiling tower-service v0.3.3
   Compiling convert_case v0.10.0
   Compiling httparse v1.10.1
   Compiling dunce v1.0.5
   Compiling form_urlencoded v1.2.2
   Compiling try-lock v0.2.5
   Compiling crc-catalog v2.4.0
   Compiling base64 v0.22.1
   Compiling httpdate v1.0.3
   Compiling libcrux-intrinsics v0.0.4
   Compiling tower-layer v0.3.3
   Compiling thiserror v1.0.69
   Compiling libcrux-sha3 v0.0.4
   Compiling powerfmt v0.2.0
   Compiling ipnet v2.11.0
   Compiling num-conv v0.1.0
   Compiling num-traits v0.2.19
   Compiling time-core v0.1.6
   Compiling atomic-waker v1.1.2
   Compiling sync_wrapper v1.0.2
   Compiling crc v3.4.0
   Compiling want v0.3.1
   Compiling crossbeam-utils v0.8.21
   Compiling wasm-bindgen-shared v0.2.105
   Compiling opaque-debug v0.3.1
   Compiling untrusted v0.9.0
   Compiling glob v0.3.3
   Compiling deranged v0.5.5
   Compiling lazy_static v1.5.0
   Compiling rustls v0.23.35
   Compiling iana-time-zone v0.1.64
   Compiling base64 v0.21.7
   Compiling pkg-config v0.3.32
   Compiling thread_local v1.1.9
   Compiling bumpalo v3.19.0
   Compiling wasm-bindgen v0.2.105
   Compiling libcrux-aesgcm v0.0.4
   Compiling radium v0.7.0
   Compiling either v1.15.0
   Compiling futures-utils-wasm v0.1.0
   Compiling rand_core v0.9.3
   Compiling libcrux-ml-kem v0.0.4
   Compiling sharded-slab v0.1.7
   Compiling getrandom v0.2.16
   Compiling jobserver v0.1.34
   Compiling mio v1.1.1
   Compiling signal-hook-registry v1.4.7
   Compiling socket2 v0.6.1
   Compiling libcrux-platform v0.0.2
   Compiling toml_parser v1.0.4
   Compiling keccak v0.1.5
   Compiling tap v1.0.1
   Compiling bech32 v0.9.1
   Compiling object v0.37.3
   Compiling mime v0.3.17
   Compiling funty v2.0.0
   Compiling adler2 v2.0.1
   Compiling gimli v0.32.3
   Compiling iri-string v0.7.9
   Compiling rustc-demangle v0.1.26
   Compiling rand v0.9.2
   Compiling const-hex v1.17.0
   Compiling rand_core v0.6.4
   Compiling hpke-rs-crypto v0.3.0
   Compiling wyz v0.5.1
   Compiling dyn-clone v1.0.20
   Compiling foldhash v0.1.5
   Compiling relative-path v1.9.3
   Compiling semver v1.0.27
   Compiling cc v1.2.49
   Compiling ruint v1.17.2
   Compiling toml_datetime v0.7.3
   Compiling owo-colors v4.2.3
   Compiling miniz_oxide v0.8.9
   Compiling crossbeam-epoch v0.9.18
   Compiling itertools v0.14.0
   Compiling syn v2.0.111
   Compiling proc-macro-error-attr2 v2.0.0
   Compiling time v0.3.44
   Compiling nu-ansi-term v0.50.3
   Compiling bitvec v1.0.1
   Compiling hashbrown v0.14.5
   Compiling rayon-core v1.13.0
   Compiling futures-timer v3.0.3
   Compiling unicase v2.8.1
   Compiling ff v0.13.1
   Compiling hashbrown v0.15.5
   Compiling ansi_term v0.12.1
   Compiling xmtp_macro v1.8.0-dev (/home/insipx/code/xmtp/workspaces/libxmtp/claude-1/crates/xmtp_macro)
   Compiling vcpkg v0.2.15
   Compiling serde_bytes v0.11.19
   Compiling socket2 v0.5.10
   Compiling encoding_rs v0.8.35
   Compiling toml_edit v0.23.9
   Compiling regex-automata v0.4.13
   Compiling dtor-proc-macro v0.0.6
   Compiling rustc_version v0.4.1
   Compiling crossbeam-deque v0.8.6
   Compiling num_cpus v1.17.0
   Compiling group v0.13.0
   Compiling rustc-hash v2.1.1
   Compiling ctor-proc-macro v0.0.7
   Compiling pulldown-cmark v0.13.0
   Compiling prettyplease v0.2.37
   Compiling tempfile v3.23.0
   Compiling sync_wrapper v0.1.2
   Compiling tracing-core v0.1.35
   Compiling dtor v0.1.1
   Compiling typewit v1.14.2
   Compiling fixedbitset v0.5.7
   Compiling multimap v0.10.1
   Compiling color-spantrace v0.3.0
   Compiling lru v0.13.0
   Compiling web-time v1.1.0
   Compiling eyre v0.6.12
   Compiling anstyle v1.0.13
   Compiling curve25519-dalek v4.1.3
   Compiling rstest_macros v0.26.1
   Compiling indenter v0.3.4
   Compiling ctor v0.6.3
   Compiling ppv-lite86 v0.2.21
   Compiling same-file v1.0.6
   Compiling matchit v0.8.4
   Compiling mockall_derive v0.13.1
   Compiling openssl-probe v0.1.6
   Compiling const_panic v0.2.15
   Compiling xshell-macros v0.2.7
   Compiling predicates-core v1.0.9
   Compiling relative-path v2.0.1
   Compiling termtree v0.5.1
   Compiling fragile v2.0.1
   Compiling downcast v0.11.0
   Compiling proc-macro-crate v3.4.0
   Compiling tracing-subscriber v0.3.22
   Compiling serde_spanned v1.0.3
   Compiling diesel_derives v2.3.3 (https://github.com/ephemerahq/diesel?branch=coda%2Fcopy-to-sqlite#99e3e5d2)
   Compiling petgraph v0.7.1
   Compiling send_wrapper v0.4.0
   Compiling downcast-rs v2.0.2
   Compiling xshell v0.2.7
   Compiling walkdir v2.5.0
   Compiling arc-swap v1.7.1
   Compiling zstd-safe v7.2.4
   Compiling rand_chacha v0.3.1
   Compiling predicates v3.1.3
   Compiling data-encoding v2.9.0
   Compiling toml v0.9.8
   Compiling ciborium-io v0.2.2
   Compiling heck v0.4.1
   Compiling compression-core v0.4.31
   Compiling camino v1.2.1
   Compiling predicates-tree v1.0.12
   Compiling smallvec v1.15.1
   Compiling addr2line v0.25.1
   Compiling ring v0.17.14
   Compiling openssl-src v300.5.4+3.5.4
   Compiling libsqlite3-sys v0.35.0
   Compiling zstd-sys v2.0.16+zstd.1.5.7
   Compiling libz-sys v1.1.23
   Compiling libgit2-sys v0.18.3+1.9.2
   Compiling vergen-lib v0.1.6
   Compiling public-suffix v0.1.3
   Compiling siphasher v0.3.11
   Compiling fs-err v2.11.0
   Compiling vergen v9.0.6
   Compiling num_threads v0.1.7
   Compiling passkey-transports v0.1.0
   Compiling minimal-lexical v0.2.1
   Compiling vergen-git2 v1.0.7
   Compiling smawk v0.3.2
   Compiling pulldown-cmark-to-cmark v21.1.0
   Compiling plain v0.2.3
   Compiling static_assertions v1.1.0
   Compiling utf8parse v0.2.2
   Compiling backtrace v0.3.76
   Compiling colorchoice v1.0.4
   Compiling anstyle-query v1.1.5
   Compiling rand v0.8.5
   Compiling is_terminal_polyfill v1.70.2
   Compiling textwrap v0.16.2
   Compiling napi-build v2.3.1
   Compiling nom v7.1.3
   Compiling clap_lex v0.7.6
   Compiling crossbeam-channel v0.5.15
   Compiling anstyle-parse v0.2.7
   Compiling siphasher v1.0.1
   Compiling mime_guess v2.0.5
   Compiling openssl-sys v0.9.111
   Compiling wait-timeout v0.2.1
   Compiling memoffset v0.9.1
   Compiling multer v2.1.0
   Compiling libloading v0.9.0
   Compiling utf-8 v0.7.6
   Compiling bit-vec v0.8.0
   Compiling regex v1.12.2
   Compiling byteorder v1.5.0
   Compiling portable-atomic v1.11.1
   Compiling quick-error v1.2.3
   Compiling colored v3.0.0
   Compiling napi v3.6.1
   Compiling similar v2.7.0
   Compiling bindings_node v1.8.0-dev (/home/insipx/code/xmtp/workspaces/libxmtp/claude-1/bindings/node)
   Compiling anstream v0.6.21
   Compiling spin v0.9.8
   Compiling unarray v0.1.4
   Compiling unicode-width v0.2.2
   Compiling nohash-hasher v0.2.0
   Compiling phf_shared v0.11.3
   Compiling napi-sys v3.2.1
   Compiling option-ext v0.2.0
   Compiling bit-set v0.8.0
   Compiling redb v3.1.0
   Compiling const_format_proc_macros v0.2.34
   Compiling csv-core v0.1.13
   Compiling rusty-fork v0.3.1
   Compiling weedle2 v5.0.0
   Compiling unit-prefix v0.5.2
   Compiling scoped-tls v1.0.1
   Compiling clap_builder v4.5.53
   Compiling dirs-sys v0.5.0
   Compiling lru v0.16.3
   Compiling xxhash-rust v0.8.15
   Compiling console v0.16.1
   Compiling fs_extra v1.3.0
   Compiling dotenvy v0.15.7
   Compiling humantime v2.3.0
   Compiling phf v0.11.3
   Compiling csv v1.4.0
   Compiling matchers v0.2.0
   Compiling directories v6.0.0
   Compiling isolang v2.4.0
   Compiling const_format v0.2.35
   Compiling indicatif v0.18.3
   Compiling serde_derive v1.0.228
   Compiling zeroize_derive v1.4.2
   Compiling zerocopy-derive v0.8.31
   Compiling tracing-attributes v0.1.31
   Compiling valuable-derive v0.1.1
   Compiling synstructure v0.13.2
   Compiling thiserror-impl v2.0.17
   Compiling tokio-macros v2.6.0
   Compiling derive_more-impl v2.1.0
   Compiling zerovec-derive v0.11.2
   Compiling displaydoc v0.2.5
   Compiling alloy-rlp-derive v0.3.12
   Compiling futures-macro v0.3.31
   Compiling hax-lib-macros v0.3.5
   Compiling auto_impl v1.3.0
   Compiling macro-string v0.1.4
   Compiling syn-solidity v1.4.1
   Compiling tls_codec_derive v0.4.2
   Compiling proc-macro-error2 v2.0.1
   Compiling libcrux-macros v0.0.3
   Compiling zerofrom-derive v0.1.6
   Compiling yoke-derive v0.8.1
   Compiling async-trait v0.1.89
   Compiling thiserror-impl v1.0.69
   Compiling pin-project-internal v1.1.10
   Compiling curve25519-dalek-derive v0.1.1
   Compiling futures-util v0.3.31
   Compiling wasm-bindgen-macro-support v0.2.105
   Compiling num_enum_derive v0.7.5
   Compiling zeroize v1.8.2
   Compiling strum_macros v0.27.2
   Compiling libcrux-hacl-rs v0.0.4
   Compiling der v0.7.10
   Compiling rustls-pki-types v1.13.1
   Compiling async-stream-impl v0.3.6
   Compiling darling_core v0.20.11
   Compiling tracing v0.1.43
   Compiling crypto-common v0.1.7
   Compiling block-buffer v0.10.4
   Compiling crypto-bigint v0.5.5
   Compiling inout v0.1.4
   Compiling webpki-roots v1.0.4
   Compiling tracing-log v0.2.0
   Compiling prost-derive v0.14.1
   Compiling rstest_reuse v0.7.0
   Compiling digest v0.10.7
   Compiling cipher v0.4.4
   Compiling universal-hash v0.5.1
   Compiling futures-executor v0.3.31
   Compiling spki v0.7.3
   Compiling num_enum v0.7.5
   Compiling hmac v0.12.1
   Compiling signature v2.2.0
   Compiling sha2 v0.10.9
   Compiling libcrux-secrets v0.0.4
   Compiling zerofrom v0.1.6
   Compiling polyval v0.6.2
   Compiling pin-project v1.1.10
   Compiling bytes v1.11.0
   Compiling hkdf v0.12.4
   Compiling pkcs8 v0.10.2
   Compiling rfc6979 v0.4.0
   Compiling serdect v0.2.0
   Compiling arrayvec v0.7.6
   Compiling darling_core v0.21.3
   Compiling alloy-sol-type-parser v1.4.1
   Compiling yoke v0.8.1
   Compiling tls_codec v0.4.2
   Compiling chrono v0.4.42
   Compiling serde_urlencoded v0.7.1
   Compiling bs58 v0.5.1
   Compiling ghash v0.5.1
   Compiling chacha20 v0.9.1
   Compiling ctr v0.9.2
   Compiling sec1 v0.7.3
   Compiling rand_chacha v0.9.0
   Compiling aes v0.8.4
   Compiling poly1305 v0.8.0
   Compiling zerovec v0.11.5
   Compiling alloy-rlp v0.3.12
   Compiling zerotrie v0.2.3
   Compiling http v1.4.0
   Compiling ripemd v0.1.3
   Compiling sha3 v0.10.8
   Compiling derive_more v2.1.0
   Compiling ed25519 v2.2.3
   Compiling futures v0.3.31
   Compiling x25519-dalek v2.0.1
   Compiling wasm-bindgen-macro v0.2.105
   Compiling parking_lot v0.12.5
   Compiling http v0.2.12
   Compiling strum v0.27.2
   Compiling elliptic-curve v0.13.8
   Compiling pbkdf2 v0.12.2
   Compiling aead v0.5.2
   Compiling openmls_traits v0.4.1 (https://github.com/xmtp/openmls?rev=beb0884db264075aef271b96efbd7e9d102ee374#beb0884d)
   Compiling coins-core v0.12.0
   Compiling alloy-primitives v1.4.1
   Compiling libcrux-traits v0.0.4
   Compiling valuable-serde v0.1.1
   Compiling hex v0.4.3
   Compiling ed25519-dalek v2.2.0
   Compiling darling_macro v0.20.11
   Compiling dashmap v6.1.0
   Compiling libcrux-poly1305 v0.0.4
   Compiling async-stream v0.3.6
   Compiling tokio v1.48.0
   Compiling tinystr v0.8.2
   Compiling potential_utf v0.1.4
   Compiling chacha20poly1305 v0.10.1
   Compiling aes-gcm v0.10.3
   Compiling wasm-bindgen-test-macro v0.3.55
   Compiling rustls-webpki v0.103.8
   Compiling http-body v1.0.1
   Compiling rayon v1.11.0
   Compiling prost v0.14.1
   Compiling ecdsa v0.16.9
   Compiling primeorder v0.13.6
   Compiling tracing-serde v0.2.0
   Compiling openmls_memory_storage v0.4.1 (https://github.com/xmtp/openmls?rev=beb0884db264075aef271b96efbd7e9d102ee374#beb0884d)
   Compiling k256 v0.13.4
   Compiling darling v0.20.11
   Compiling icu_collections v2.1.1
   Compiling http-body v0.4.6
   Compiling icu_locale_core v2.1.1
   Compiling js-sys v0.3.82
   Compiling fdlimit v0.3.0
   Compiling http-body-util v0.1.3
   Compiling alloy-json-abi v1.4.1
   Compiling p384 v0.13.1
   Compiling darling_macro v0.21.3
   Compiling prost-types v0.14.1
   Compiling derive_builder_core v0.20.2
   Compiling p256 v0.13.2
   Compiling rustls-native-certs v0.8.2
   Compiling rstest v0.26.1
   Compiling pbjson v0.8.0
   Compiling axum-core v0.5.5
   Compiling scheduled-thread-pool v0.2.7
   Compiling libcrux-sha2 v0.0.4
   Compiling libcrux-curve25519 v0.0.4
   Compiling darling v0.21.3
   Compiling icu_provider v2.1.1
   Compiling libcrux-chacha20poly1305 v0.0.4
   Compiling nybbles v0.4.6
   Compiling tracing-error v0.2.1
   Compiling diesel_table_macro_syntax v0.3.0 (https://github.com/ephemerahq/diesel?branch=coda%2Fcopy-to-sqlite#99e3e5d2)
   Compiling openmls_basic_credential v0.4.1 (https://github.com/xmtp/openmls?rev=beb0884db264075aef271b96efbd7e9d102ee374#beb0884d)
   Compiling migrations_internals v2.3.0 (https://github.com/ephemerahq/diesel?branch=coda%2Fcopy-to-sqlite#99e3e5d2)
   Compiling hpke-rs v0.4.0
   Compiling r2d2 v0.8.10
   Compiling hpke-rs-rust-crypto v0.3.0
   Compiling bincode v1.3.3
   Compiling serde_with_macros v3.16.1
   Compiling alloy-tx-macros v1.3.0
   Compiling coins-bip32 v0.12.0
   Compiling alloy-sol-macro-input v1.4.1
   Compiling icu_properties v2.1.1
   Compiling icu_normalizer v2.1.1
   Compiling derive_builder_macro v0.20.2
   Compiling pbjson-build v0.8.0
   Compiling libcrux-aead v0.0.4
   Compiling prost-build v0.14.1
   Compiling tonic-build v0.14.2
   Compiling libcrux-p256 v0.0.4
   Compiling libcrux-hmac v0.0.4
   Compiling libcrux-ed25519 v0.0.4
   Compiling tracing-forest v0.3.0
   Compiling openmls_rust_crypto v0.4.1 (https://github.com/xmtp/openmls?rev=beb0884db264075aef271b96efbd7e9d102ee374#beb0884d)
   Compiling tokio-stream v0.1.17
   Compiling dsl_auto_type v0.2.0 (https://github.com/ephemerahq/diesel?branch=coda%2Fcopy-to-sqlite#99e3e5d2)
   Compiling wasm-bindgen-futures v0.4.55
   Compiling gloo-timers v0.2.6
   Compiling migrations_macros v2.3.0 (https://github.com/ephemerahq/diesel?branch=coda%2Fcopy-to-sqlite#99e3e5d2)
   Compiling libcrux-hkdf v0.0.4
   Compiling half v2.7.1
   Compiling impl-trait-for-tuples v0.2.3
   Compiling serde_with v3.16.1
   Compiling typeshare-annotation v1.0.4
   Compiling strum_macros v0.25.3
   Compiling coins-bip39 v0.12.0
   Compiling tonic v0.14.2
   Compiling color-eyre v0.6.5
   Compiling derive_builder v0.20.2
   Compiling wasm-bindgen-test v0.3.55
   Compiling uniffi_internal_macros v0.29.5
   Compiling mockall v0.13.1
   Compiling hpke-rs-crypto v0.3.0 (https://github.com/cryspen/hpke-rs#43c02527)
   Compiling idna_adapter v1.2.1
   Compiling alloy-sol-macro-expander v1.4.1
   Compiling ciborium-ll v0.2.2
   Compiling openmls_test v0.2.1 (https://github.com/xmtp/openmls?rev=beb0884db264075aef271b96efbd7e9d102ee374#beb0884d)
   Compiling jsonptr v0.7.1
   Compiling typeshare v1.0.4
   Compiling scroll_derive v0.12.1
   Compiling trait-variant v0.1.2
   Compiling tokio-util v0.7.17
   Compiling zstd v0.13.3
   Compiling askama_parser v0.13.0
   Compiling basic-toml v0.1.10
   Compiling alloy-eip2124 v0.2.0
   Compiling alloy-serde v1.3.0
   Compiling idna v1.1.0
   Compiling alloy-eip2930 v0.2.3
   Compiling alloy-eip7702 v0.6.3
   Compiling alloy-trie v0.9.1
   Compiling alloy-signer v1.3.0
   Compiling alloy-chains v0.2.22
   Compiling pbjson-types v0.8.0
   Compiling tonic-prost-build v0.14.2
   Compiling ciborium v0.2.2
   Compiling strum v0.25.0
   Compiling hpke-rs v0.4.0 (https://github.com/cryspen/hpke-rs#43c02527)
   Compiling compression-codecs v0.4.34
   Compiling scroll v0.12.0
   Compiling json-patch v4.1.0
   Compiling uniffi_pipeline v0.29.5
   Compiling toml v0.5.11
   Compiling futures-test v0.3.31
   Compiling cargo-platform v0.1.9
   Compiling alloy-eips v1.3.0
   Compiling h2 v0.4.12
   Compiling tower v0.5.2
   Compiling url v2.5.7
   Compiling alloy-hardforks v0.2.13
   Compiling h2 v0.3.27
   Compiling tokio-rustls v0.26.4
   Compiling goblin v0.8.2
   Compiling coset v0.3.8
   Compiling async-compression v0.4.35
   Compiling uniffi_core v0.29.5
   Compiling clap_derive v4.5.49
   Compiling uniffi_meta v0.29.5
   Compiling cargo_metadata v0.19.2
   Compiling xmtp_proto v1.8.0-dev (/home/insipx/code/xmtp/workspaces/libxmtp/claude-1/crates/xmtp_proto)
   Compiling async-compat v0.2.5
   Compiling sha1 v0.10.6
   Compiling tracing-appender v0.2.4
   Compiling assert-json-diff v2.0.2
   Compiling headers-core v0.2.0
   Compiling libcrux-ecdh v0.0.4
   Compiling rand_xorshift v0.4.0
   Compiling napi-derive-backend v4.0.0
   Compiling tower-http v0.6.8
   Compiling axum v0.8.7
   Compiling uuid v1.19.0
   Compiling alloy-consensus v1.3.0
   Compiling alloy-genesis v1.3.0
   Compiling tungstenite v0.21.0
   Compiling passkey-types v0.4.0
   Compiling headers v0.3.9
   Compiling proptest v1.9.0
   Compiling askama_derive v0.13.1
   Compiling speedy-derive v0.8.7
   Compiling alloy-sol-macro v1.4.1
   Compiling tracing-logfmt v0.3.5
   Compiling timeago v0.4.2
   Compiling lipsum v0.9.1
   Compiling uniffi_udl v0.29.5
   Compiling uniffi_macros v0.29.5
   Compiling clap v4.5.53
   Compiling bindings_wasm_macros v1.8.0-dev (/home/insipx/code/xmtp/workspaces/libxmtp/claude-1/crates/wasm_macros)
   Compiling clap-verbosity-flag v3.0.4
   Compiling tokio-tungstenite v0.21.0
   Compiling uniffi_testing v0.29.5
   Compiling alloy-sol-types v1.4.1
   Compiling speedy v0.8.7
   Compiling hyper v0.14.32
   Compiling hyper v1.8.1
   Compiling askama v0.13.1
   Compiling alloy-network-primitives v1.3.0
   Compiling alloy-consensus-any v1.3.0
   Compiling passkey-authenticator v0.4.0
   Compiling uniffi_bindgen v0.29.5
   Compiling napi-derive v3.4.0
   Compiling passkey-client v0.4.0
   Compiling alloy-rpc-types-eth v1.3.0
   Compiling alloy-json-rpc v1.3.0
   Compiling alloy-dyn-abi v1.4.1
   Compiling git2 v0.20.3
   Compiling hyper-util v0.1.19
   Compiling passkey v0.4.0
   Compiling alloy-transport v1.3.0
   Compiling alloy-core v1.4.1
   Compiling alloy-rpc-types-any v1.3.0
   Compiling alloy-rpc-types-anvil v1.3.0
   Compiling libcrux-kem v0.0.4
   Compiling hyper-rustls v0.27.7
   Compiling hyper-timeout v0.5.2
   Compiling mockito v1.7.1
   Compiling reqwest v0.11.27
   Compiling warp v0.3.7
